exports[`test Component renders correctly 1`] = `
<div
  className="Dialog" />
`;
