exports[`test Component renders the correct text 1`] = `
<button
  className="Button"
  onClick={undefined}
  type={undefined}>
  Go!
</button>
`;
