exports[`test Component renders the correct text 1`] = `
<footer
  className="Footer">
  <p>
    Fair play. Have fun!
  </p>
  <p>
    <a
      href="https://github.com/mauroporrasp/game-of-drones">
      Github repo
    </a>
  </p>
</footer>
`;
