exports[`test Component renders the correct text 1`] = `
<div
  className="PlayerMove">
  <strong
    className="PlayerMove__player-name">
    Foo
  </strong>
  <span
    className="PlayerMove__instruction">
    Pick a move
  </span>
</div>
`;
