exports[`test Component renders the correct text 1`] = `
<h1
  className="PrimaryTitle">
  Hello
</h1>
`;
